[2026-08-25 07:40:05.674] [info] [thread 3918] IM Client Application Starting...
[2026-08-25 07:40:05.676] [error] [thread 3927] Connect failed: Connection refused
[2026-08-25 07:40:05.676] [warning] [thread 3927] Connection lost, reason: Connect failed. Resetting socket...
[2026-08-25 07:40:05.676] [info] [thread 3927] Will attempt to reconnect in 3 seconds...
[2026-08-25 07:40:08.676] [info] [thread 3927] Reconnecting to server...
[2026-08-25 07:40:08.676] [error] [thread 3927] Connect failed: Connection refused
[2026-08-25 07:40:08.676] [warning] [thread 3927] Connection lost, reason: Connect failed. Resetting socket...
[2026-08-25 07:40:08.676] [info] [thread 3927] Will attempt to reconnect in 3 seconds...
[2026-08-25 07:40:11.681] [info] [thread 3927] Reconnecting to server...
[2026-08-25 07:40:11.681] [info] [thread 3927] Connected to server successfully.
[2026-08-25 07:40:16.684] [debug] [thread 3927] [Heartbeat] Sending heartbeat ping...
[2026-08-25 07:40:21.685] [debug] [thread 3927] [Heartbeat] Sending heartbeat ping...
[2026-08-25 07:40:26.685] [debug] [thread 3927] [Heartbeat] Sending heartbeat ping...
[2026-08-25 07:40:31.685] [debug] [thread 3927] [Heartbeat] Sending heartbeat ping...
[2026-08-25 07:40:36.686] [debug] [thread 3927] [Heartbeat] Sending heartbeat ping...
[2026-08-25 07:40:36.867] [info] [thread 3918] IM Client Application Terminated Safely.
[2026-08-25 07:43:33.707] [info] [thread 4343] IM Client Application Starting...
[2026-08-25 07:43:33.709] [info] [thread 4352] Connected to server successfully.
[2026-08-25 07:43:38.759] [debug] [thread 4352] [Heartbeat] Sending heartbeat ping...
[2026-08-25 07:43:43.814] [debug] [thread 4352] [Heartbeat] Sending heartbeat ping...
[2026-08-25 07:43:48.818] [debug] [thread 4352] [Heartbeat] Sending heartbeat ping...
[2026-08-25 07:43:53.823] [debug] [thread 4352] [Heartbeat] Sending heartbeat ping...
[2026-08-25 07:43:58.829] [debug] [thread 4352] [Heartbeat] Sending heartbeat ping...
[2026-08-25 07:44:03.829] [debug] [thread 4352] [Heartbeat] Sending heartbeat ping...
[2026-08-25 07:44:08.831] [debug] [thread 4352] [Heartbeat] Sending heartbeat ping...
[2026-08-25 07:44:13.832] [debug] [thread 4352] [Heartbeat] Sending heartbeat ping...
[2026-08-25 07:44:18.843] [debug] [thread 4352] [Heartbeat] Sending heartbeat ping...
[2026-08-25 07:44:21.215] [info] [thread 4390] IM Client Application Starting...
[2026-08-25 07:44:21.216] [info] [thread 4399] Connected to server successfully.
[2026-08-25 07:44:23.846] [debug] [thread 4352] [Heartbeat] Sending heartbeat ping...
[2026-08-25 07:44:26.217] [debug] [thread 4399] [Heartbeat] Sending heartbeat ping...
[2026-08-25 07:44:28.846] [debug] [thread 4352] [Heartbeat] Sending heartbeat ping...
[2026-08-25 07:44:31.217] [debug] [thread 4399] [Heartbeat] Sending heartbeat ping...
[2026-08-25 07:44:33.855] [debug] [thread 4352] [Heartbeat] Sending heartbeat ping...
[2026-08-25 07:44:36.218] [debug] [thread 4399] [Heartbeat] Sending heartbeat ping...
[2026-08-25 07:44:38.862] [debug] [thread 4352] [Heartbeat] Sending heartbeat ping...
[2026-08-25 07:44:41.223] [debug] [thread 4399] [Heartbeat] Sending heartbeat ping...
[2026-08-25 07:44:43.863] [debug] [thread 4352] [Heartbeat] Sending heartbeat ping...
[2026-08-25 07:44:46.228] [debug] [thread 4399] [Heartbeat] Sending heartbeat ping...
[2026-08-25 07:44:48.864] [debug] [thread 4352] [Heartbeat] Sending heartbeat ping...
[2026-08-25 07:44:51.233] [debug] [thread 4399] [Heartbeat] Sending heartbeat ping...
[2026-08-25 07:44:53.884] [debug] [thread 4352] [Heartbeat] Sending heartbeat ping...
[2026-08-25 07:44:56.234] [debug] [thread 4399] [Heartbeat] Sending heartbeat ping...
[2026-08-25 07:44:57.908] [info] [thread 4390] IM Client Application Terminated Safely.
[2026-08-25 07:44:58.841] [info] [thread 4343] IM Client Application Terminated Safely.
[2026-08-25 16:41:12.206] [info] [thread 3702] IM Client Application Starting...
[2026-08-25 16:41:12.207] [error] [thread 3711] Connect failed: Connection refused
[2026-08-25 16:41:12.208] [warning] [thread 3711] Connection lost, reason: Connect failed. Resetting socket...
[2026-08-25 16:41:12.208] [info] [thread 3711] Will attempt to reconnect in 3 seconds...
[2026-08-25 16:41:15.208] [info] [thread 3711] Reconnecting to server...
[2026-08-25 16:41:15.209] [error] [thread 3711] Connect failed: Connection refused
[2026-08-25 16:41:15.209] [warning] [thread 3711] Connection lost, reason: Connect failed. Resetting socket...
[2026-08-25 16:41:15.209] [info] [thread 3711] Will attempt to reconnect in 3 seconds...
[2026-08-25 16:41:18.210] [info] [thread 3711] Reconnecting to server...
[2026-08-25 16:41:18.211] [error] [thread 3711] Connect failed: Connection refused
[2026-08-25 16:41:18.211] [warning] [thread 3711] Connection lost, reason: Connect failed. Resetting socket...
[2026-08-25 16:41:18.211] [info] [thread 3711] Will attempt to reconnect in 3 seconds...
[2026-08-25 16:41:21.213] [info] [thread 3711] Reconnecting to server...
[2026-08-25 16:41:21.214] [error] [thread 3711] Connect failed: Connection refused
[2026-08-25 16:41:21.214] [warning] [thread 3711] Connection lost, reason: Connect failed. Resetting socket...
[2026-08-25 16:41:21.214] [info] [thread 3711] Will attempt to reconnect in 3 seconds...
[2026-08-25 16:41:24.215] [info] [thread 3711] Reconnecting to server...
[2026-08-25 16:41:24.216] [error] [thread 3711] Connect failed: Connection refused
[2026-08-25 16:41:24.216] [warning] [thread 3711] Connection lost, reason: Connect failed. Resetting socket...
[2026-08-25 16:41:24.216] [info] [thread 3711] Will attempt to reconnect in 3 seconds...
[2026-08-25 16:41:27.219] [info] [thread 3711] Reconnecting to server...
[2026-08-25 16:41:27.221] [error] [thread 3711] Connect failed: Connection refused
[2026-08-25 16:41:27.221] [warning] [thread 3711] Connection lost, reason: Connect failed. Resetting socket...
[2026-08-25 16:41:27.221] [info] [thread 3711] Will attempt to reconnect in 3 seconds...
[2026-08-25 16:41:30.221] [info] [thread 3711] Reconnecting to server...
[2026-08-25 16:41:30.222] [error] [thread 3711] Connect failed: Connection refused
[2026-08-25 16:41:30.222] [warning] [thread 3711] Connection lost, reason: Connect failed. Resetting socket...
[2026-08-25 16:41:30.222] [info] [thread 3711] Will attempt to reconnect in 3 seconds...
[2026-08-25 16:41:31.519] [info] [thread 3702] IM Client Application Terminated Safely.
