[2026-08-12 08:12:03.074] [info] [thread 19692] ------------------ Command List ------------------
[2026-08-12 08:12:03.074] [info] [thread 19692]   register <username> <password>
[2026-08-12 08:12:03.074] [info] [thread 19692]   login <username> <password>
[2026-08-12 08:12:03.074] [info] [thread 19692]   send <receiver_id> <message>
[2026-08-12 08:12:03.074] [info] [thread 19692]   gsend <group_id> <message>
[2026-08-12 08:12:03.074] [info] [thread 19692]   history <peer_id> <is_group(0/1)> <start> <count>
[2026-08-12 08:12:03.074] [info] [thread 19692]   clear <peer_id> <is_group(0/1)>
[2026-08-12 08:12:03.074] [info] [thread 19692]   disconnect
[2026-08-12 08:12:03.074] [info] [thread 19692]   quit
[2026-08-12 08:12:03.074] [info] [thread 19692] --------------------------------------------------
[2026-08-12 08:12:03.075] [info] [thread 19695] Connected to server successfully.
[2026-08-12 08:12:15.456] [info] [thread 19695] [Login] Success, user_id=2
[2026-08-12 08:12:37.636] [info] [thread 19692] Disconnecting from server...
[2026-08-12 08:12:37.637] [info] [thread 19692] Disconnected.
[2026-08-12 08:12:46.677] [info] [thread 19695] [Login] Success, user_id=1
[2026-08-12 08:13:02.143] [info] [thread 19695] === History Message Start ===
[2026-08-12 08:13:02.143] [info] [thread 19695] [0] 2: i am your father
[2026-08-12 08:13:02.143] [info] [thread 19695] [0] 2: you are a pussy
[2026-08-12 08:13:02.143] [info] [thread 19695] [0] 1: i am your daddy u stupid nigga
[2026-08-12 08:13:02.143] [info] [thread 19695] [0] 2: i am your daddy
[2026-08-12 08:13:02.143] [info] [thread 19695] [0] 1: 0 i like u actually
[2026-08-12 08:13:02.143] [info] [thread 19695] [0] 1: i love u
[2026-08-12 08:13:02.143] [info] [thread 19695] [0] 1: hi! it is tuesday and i know it!!
[2026-08-12 08:13:02.143] [info] [thread 19695] [0] 2: hi! today is tuesday! I already miss u
[2026-08-12 08:13:02.143] [info] [thread 19695] [0] 1: hello
[2026-08-12 08:13:02.143] [info] [thread 19695] [0] 1: u are really stupid.
[2026-08-12 08:13:02.143] [info] [thread 19695] === History Message End ===
[2026-08-12 08:13:11.693] [info] [thread 19692] Client terminated safely.
[2026-08-14 03:02:50.890] [info] [thread 5986] ------------------ Command List ------------------
[2026-08-14 03:02:50.891] [info] [thread 5986]   register <username> <password>
[2026-08-14 03:02:50.891] [info] [thread 5986]   login <username> <password>
[2026-08-14 03:02:50.891] [info] [thread 5986]   send <receiver_id> <message>
[2026-08-14 03:02:50.891] [info] [thread 5986]   gsend <group_id> <message>
[2026-08-14 03:02:50.891] [info] [thread 5986]   history <peer_id> <is_group(0/1)> <start> <count>
[2026-08-14 03:02:50.891] [info] [thread 5986]   clear <peer_id> <is_group(0/1)>
[2026-08-14 03:02:50.891] [info] [thread 5986]   disconnect
[2026-08-14 03:02:50.891] [info] [thread 5986]   quit
[2026-08-14 03:02:50.891] [info] [thread 5986] --------------------------------------------------
[2026-08-14 03:02:50.892] [info] [thread 5989] Connected to server successfully.
[2026-08-14 03:02:55.894] [debug] [thread 5989] [Heartbeat] Sending heartbeat ping...
[2026-08-14 03:03:00.931] [debug] [thread 5989] [Heartbeat] Sending heartbeat ping...
[2026-08-14 03:03:06.115] [debug] [thread 5989] [Heartbeat] Sending heartbeat ping...
[2026-08-14 03:03:09.548] [warning] [thread 5989] Server disconnected (EOF).
[2026-08-14 03:03:09.548] [warning] [thread 5989] Connection lost, reason: Read length failed. Resetting socket...
[2026-08-14 03:03:09.549] [info] [thread 5989] Will attempt to reconnect in 3 seconds...
[2026-08-14 03:03:12.555] [info] [thread 5989] Reconnecting to server...
[2026-08-14 03:03:12.556] [error] [thread 5989] Connect failed: Connection refused
[2026-08-14 03:03:12.556] [warning] [thread 5989] Connection lost, reason: Connect failed. Resetting socket...
[2026-08-14 03:03:12.556] [info] [thread 5989] Will attempt to reconnect in 3 seconds...
[2026-08-14 03:03:15.564] [info] [thread 5989] Reconnecting to server...
[2026-08-14 03:03:15.565] [error] [thread 5989] Connect failed: Connection refused
[2026-08-14 03:03:15.565] [warning] [thread 5989] Connection lost, reason: Connect failed. Resetting socket...
[2026-08-14 03:03:15.565] [info] [thread 5989] Will attempt to reconnect in 3 seconds...
[2026-08-14 03:03:18.570] [info] [thread 5989] Reconnecting to server...
[2026-08-14 03:03:18.571] [error] [thread 5989] Connect failed: Connection refused
[2026-08-14 03:03:18.571] [warning] [thread 5989] Connection lost, reason: Connect failed. Resetting socket...
[2026-08-14 03:03:18.571] [info] [thread 5989] Will attempt to reconnect in 3 seconds...
[2026-08-14 03:03:21.595] [info] [thread 5989] Reconnecting to server...
[2026-08-14 03:03:21.596] [error] [thread 5989] Connect failed: Connection refused
[2026-08-14 03:03:21.596] [warning] [thread 5989] Connection lost, reason: Connect failed. Resetting socket...
[2026-08-14 03:03:21.596] [info] [thread 5989] Will attempt to reconnect in 3 seconds...
[2026-08-14 03:03:24.637] [info] [thread 5989] Reconnecting to server...
[2026-08-14 03:03:24.640] [info] [thread 5989] Connected to server successfully.
[2026-08-14 03:03:29.644] [debug] [thread 5989] [Heartbeat] Sending heartbeat ping...
[2026-08-14 03:03:34.651] [debug] [thread 5989] [Heartbeat] Sending heartbeat ping...
[2026-08-14 03:03:39.654] [debug] [thread 5989] [Heartbeat] Sending heartbeat ping...
[2026-08-14 03:03:42.460] [warning] [thread 5989] Server disconnected (EOF).
[2026-08-14 03:03:42.460] [warning] [thread 5989] Connection lost, reason: Read length failed. Resetting socket...
[2026-08-14 03:03:42.461] [info] [thread 5989] Will attempt to reconnect in 3 seconds...
[2026-08-14 03:03:45.503] [info] [thread 5989] Reconnecting to server...
[2026-08-14 03:03:45.505] [error] [thread 5989] Connect failed: Connection refused
[2026-08-14 03:03:45.505] [warning] [thread 5989] Connection lost, reason: Connect failed. Resetting socket...
[2026-08-14 03:03:45.505] [info] [thread 5989] Will attempt to reconnect in 3 seconds...
[2026-08-14 03:03:48.505] [info] [thread 5989] Reconnecting to server...
[2026-08-14 03:03:48.506] [error] [thread 5989] Connect failed: Connection refused
[2026-08-14 03:03:48.506] [warning] [thread 5989] Connection lost, reason: Connect failed. Resetting socket...
[2026-08-14 03:03:48.507] [info] [thread 5989] Will attempt to reconnect in 3 seconds...
[2026-08-14 03:03:51.513] [info] [thread 5989] Reconnecting to server...
[2026-08-14 03:03:51.515] [error] [thread 5989] Connect failed: Connection refused
[2026-08-14 03:03:51.515] [warning] [thread 5989] Connection lost, reason: Connect failed. Resetting socket...
[2026-08-14 03:03:51.515] [info] [thread 5989] Will attempt to reconnect in 3 seconds...
[2026-08-14 03:03:54.677] [info] [thread 5989] Reconnecting to server...
[2026-08-14 03:03:54.679] [error] [thread 5989] Connect failed: Connection refused
[2026-08-14 03:03:54.682] [warning] [thread 5989] Connection lost, reason: Connect failed. Resetting socket...
[2026-08-14 03:03:54.686] [info] [thread 5989] Will attempt to reconnect in 3 seconds...
[2026-08-14 03:03:57.688] [info] [thread 5989] Reconnecting to server...
[2026-08-14 03:03:57.688] [error] [thread 5989] Connect failed: Connection refused
[2026-08-14 03:03:57.688] [warning] [thread 5989] Connection lost, reason: Connect failed. Resetting socket...
[2026-08-14 03:03:57.688] [info] [thread 5989] Will attempt to reconnect in 3 seconds...
[2026-08-14 03:04:00.694] [info] [thread 5989] Reconnecting to server...
[2026-08-14 03:04:00.695] [error] [thread 5989] Connect failed: Connection refused
[2026-08-14 03:04:00.695] [warning] [thread 5989] Connection lost, reason: Connect failed. Resetting socket...
[2026-08-14 03:04:00.695] [info] [thread 5989] Will attempt to reconnect in 3 seconds...
[2026-08-14 03:04:03.695] [info] [thread 5989] Reconnecting to server...
[2026-08-14 03:04:03.696] [error] [thread 5989] Connect failed: Connection refused
[2026-08-14 03:04:03.696] [warning] [thread 5989] Connection lost, reason: Connect failed. Resetting socket...
[2026-08-14 03:04:03.697] [info] [thread 5989] Will attempt to reconnect in 3 seconds...
[2026-08-14 03:04:06.729] [info] [thread 5989] Reconnecting to server...
[2026-08-14 03:04:06.731] [info] [thread 5989] Connected to server successfully.
[2026-08-14 03:04:11.733] [debug] [thread 5989] [Heartbeat] Sending heartbeat ping...
[2026-08-14 03:04:15.557] [warning] [thread 5989] Server disconnected (EOF).
[2026-08-14 03:04:15.557] [warning] [thread 5989] Connection lost, reason: Read length failed. Resetting socket...
[2026-08-14 03:04:15.557] [info] [thread 5989] Will attempt to reconnect in 3 seconds...
[2026-08-14 03:04:18.421] [info] [thread 5986] Client terminated safely.
[2026-08-14 03:18:45.937] [error] [thread 6606] Connect failed: Connection refused
[2026-08-14 03:18:45.938] [warning] [thread 6606] Connection lost, reason: Connect failed. Resetting socket...
[2026-08-14 03:18:45.937] [info] [thread 6603] ------------------ Command List ------------------
[2026-08-14 03:18:45.938] [info] [thread 6603]   register <username> <password>
[2026-08-14 03:18:45.938] [info] [thread 6603]   login <username> <password>
[2026-08-14 03:18:45.938] [info] [thread 6603]   send <receiver_id> <message>
[2026-08-14 03:18:45.938] [info] [thread 6606] Will attempt to reconnect in 3 seconds...
[2026-08-14 03:18:45.938] [info] [thread 6603]   gsend <group_id> <message>
[2026-08-14 03:18:45.938] [info] [thread 6603]   history <peer_id> <is_group(0/1)> <start> <count>
[2026-08-14 03:18:45.938] [info] [thread 6603]   clear <peer_id> <is_group(0/1)>
[2026-08-14 03:18:45.938] [info] [thread 6603]   disconnect
[2026-08-14 03:18:45.938] [info] [thread 6603]   quit
[2026-08-14 03:18:45.938] [info] [thread 6603] --------------------------------------------------
[2026-08-14 03:18:48.966] [info] [thread 6606] Reconnecting to server...
[2026-08-14 03:18:48.970] [info] [thread 6606] Connected to server successfully.
[2026-08-14 03:18:53.972] [debug] [thread 6606] [Heartbeat] Sending heartbeat ping...
[2026-08-14 03:18:58.992] [debug] [thread 6606] [Heartbeat] Sending heartbeat ping...
[2026-08-14 03:19:02.884] [warning] [thread 6603] Unknown command: llogin
[2026-08-14 03:19:04.002] [debug] [thread 6606] [Heartbeat] Sending heartbeat ping...
[2026-08-14 03:19:09.010] [debug] [thread 6606] [Heartbeat] Sending heartbeat ping...
[2026-08-14 03:19:14.011] [debug] [thread 6606] [Heartbeat] Sending heartbeat ping...
[2026-08-14 03:19:19.026] [debug] [thread 6606] [Heartbeat] Sending heartbeat ping...
[2026-08-14 03:19:21.046] [info] [thread 6606] [Login] Success, user_id=2
[2026-08-14 03:19:24.028] [debug] [thread 6606] [Heartbeat] Sending heartbeat ping...
[2026-08-14 03:19:29.030] [debug] [thread 6606] [Heartbeat] Sending heartbeat ping...
[2026-08-14 03:19:34.032] [debug] [thread 6606] [Heartbeat] Sending heartbeat ping...
[2026-08-14 03:19:39.033] [debug] [thread 6606] [Heartbeat] Sending heartbeat ping...
[2026-08-14 03:19:44.142] [debug] [thread 6606] [Heartbeat] Sending heartbeat ping...
[2026-08-14 03:19:49.144] [debug] [thread 6606] [Heartbeat] Sending heartbeat ping...
[2026-08-14 03:19:54.151] [debug] [thread 6606] [Heartbeat] Sending heartbeat ping...
[2026-08-14 03:19:59.153] [debug] [thread 6606] [Heartbeat] Sending heartbeat ping...
[2026-08-14 03:20:04.155] [debug] [thread 6606] [Heartbeat] Sending heartbeat ping...
[2026-08-14 03:20:08.764] [info] [thread 6606] === History Message Start ===
[2026-08-14 03:20:08.764] [info] [thread 6606] [0] 2: yu aser
[2026-08-14 03:20:08.764] [info] [thread 6606] [0] 2: i am your father
[2026-08-14 03:20:08.764] [info] [thread 6606] [0] 2: you are a pussy
[2026-08-14 03:20:08.764] [info] [thread 6606] [0] 1: i am your daddy u stupid nigga
[2026-08-14 03:20:08.764] [info] [thread 6606] [0] 2: i am your daddy
[2026-08-14 03:20:08.764] [info] [thread 6606] [0] 1: 0 i like u actually
[2026-08-14 03:20:08.765] [info] [thread 6606] [0] 1: i love u
[2026-08-14 03:20:08.765] [info] [thread 6606] [0] 1: hi! it is tuesday and i know it!!
[2026-08-14 03:20:08.765] [info] [thread 6606] [0] 2: hi! today is tuesday! I already miss u
[2026-08-14 03:20:08.765] [info] [thread 6606] [0] 1: hello
[2026-08-14 03:20:08.765] [info] [thread 6606] [0] 1: u are really stupid.
[2026-08-14 03:20:08.765] [info] [thread 6606] === History Message End ===
[2026-08-14 03:20:09.158] [debug] [thread 6606] [Heartbeat] Sending heartbeat ping...
[2026-08-14 03:20:14.159] [debug] [thread 6606] [Heartbeat] Sending heartbeat ping...
[2026-08-14 03:20:19.160] [debug] [thread 6606] [Heartbeat] Sending heartbeat ping...
[2026-08-14 03:20:19.616] [warning] [thread 6606] Server disconnected (EOF).
[2026-08-14 03:20:19.616] [warning] [thread 6606] Connection lost, reason: Read length failed. Resetting socket...
[2026-08-14 03:20:19.616] [info] [thread 6606] Will attempt to reconnect in 3 seconds...
[2026-08-14 03:20:22.617] [info] [thread 6606] Reconnecting to server...
[2026-08-14 03:20:22.619] [error] [thread 6606] Connect failed: Connection refused
[2026-08-14 03:20:22.620] [warning] [thread 6606] Connection lost, reason: Connect failed. Resetting socket...
[2026-08-14 03:20:22.620] [info] [thread 6606] Will attempt to reconnect in 3 seconds...
[2026-08-14 03:20:25.620] [info] [thread 6606] Reconnecting to server...
[2026-08-14 03:20:25.621] [error] [thread 6606] Connect failed: Connection refused
[2026-08-14 03:20:25.622] [warning] [thread 6606] Connection lost, reason: Connect failed. Resetting socket...
[2026-08-14 03:20:25.622] [info] [thread 6606] Will attempt to reconnect in 3 seconds...
[2026-08-14 03:20:28.884] [info] [thread 6606] Reconnecting to server...
[2026-08-14 03:20:28.884] [error] [thread 6606] Connect failed: Connection refused
[2026-08-14 03:20:28.884] [warning] [thread 6606] Connection lost, reason: Connect failed. Resetting socket...
[2026-08-14 03:20:28.884] [info] [thread 6606] Will attempt to reconnect in 3 seconds...
[2026-08-14 03:20:31.891] [info] [thread 6606] Reconnecting to server...
[2026-08-14 03:20:31.894] [error] [thread 6606] Connect failed: Connection refused
[2026-08-14 03:20:31.895] [warning] [thread 6606] Connection lost, reason: Connect failed. Resetting socket...
[2026-08-14 03:20:31.895] [info] [thread 6606] Will attempt to reconnect in 3 seconds...
[2026-08-14 03:20:34.938] [info] [thread 6606] Reconnecting to server...
[2026-08-14 03:20:34.940] [error] [thread 6606] Connect failed: Connection refused
[2026-08-14 03:20:34.940] [warning] [thread 6606] Connection lost, reason: Connect failed. Resetting socket...
[2026-08-14 03:20:34.940] [info] [thread 6606] Will attempt to reconnect in 3 seconds...
[2026-08-14 03:20:37.944] [info] [thread 6606] Reconnecting to server...
[2026-08-14 03:20:37.947] [error] [thread 6606] Connect failed: Connection refused
[2026-08-14 03:20:37.947] [warning] [thread 6606] Connection lost, reason: Connect failed. Resetting socket...
[2026-08-14 03:20:37.947] [info] [thread 6606] Will attempt to reconnect in 3 seconds...
[2026-08-14 03:20:40.948] [info] [thread 6606] Reconnecting to server...
[2026-08-14 03:20:40.949] [error] [thread 6606] Connect failed: Connection refused
[2026-08-14 03:20:40.950] [warning] [thread 6606] Connection lost, reason: Connect failed. Resetting socket...
[2026-08-14 03:20:40.950] [info] [thread 6606] Will attempt to reconnect in 3 seconds...
[2026-08-14 03:20:43.954] [info] [thread 6606] Reconnecting to server...
[2026-08-14 03:20:43.954] [error] [thread 6606] Connect failed: Connection refused
[2026-08-14 03:20:43.954] [warning] [thread 6606] Connection lost, reason: Connect failed. Resetting socket...
[2026-08-14 03:20:43.954] [info] [thread 6606] Will attempt to reconnect in 3 seconds...
[2026-08-14 03:20:46.954] [info] [thread 6606] Reconnecting to server...
[2026-08-14 03:20:46.956] [error] [thread 6606] Connect failed: Connection refused
[2026-08-14 03:20:46.956] [warning] [thread 6606] Connection lost, reason: Connect failed. Resetting socket...
[2026-08-14 03:20:46.956] [info] [thread 6606] Will attempt to reconnect in 3 seconds...
[2026-08-14 03:20:49.970] [info] [thread 6606] Reconnecting to server...
[2026-08-14 03:20:49.973] [error] [thread 6606] Connect failed: Connection refused
[2026-08-14 03:20:49.973] [warning] [thread 6606] Connection lost, reason: Connect failed. Resetting socket...
[2026-08-14 03:20:49.973] [info] [thread 6606] Will attempt to reconnect in 3 seconds...
[2026-08-14 03:20:51.030] [info] [thread 6603] Client terminated safely.
